# vsim -vopt work.top -voptargs="+acc=npr" -assertdebug -l simulation.log -coverage -c -do "coverage save -onexit -assert -directive -cvg -codeAll coverage.ucdb; run -all; exit" 
# Start time: 22:29:58 on Nov 26,2025
# ** Note: (vsim-3812) Design is being optimized...
# //  Questa Sim
# //  Version 10.6c linux Jul 25 2017
# //
# //  Copyright 1991-2017 Mentor Graphics Corporation
# //  All Rights Reserved.
# //
# //  QuestaSim and its associated documentation contain trade
# //  secrets and commercial or financial information that are the property of
# //  Mentor Graphics Corporation and are privileged, confidential,
# //  and exempt from disclosure under the Freedom of Information Act,
# //  5 U.S.C. Section 552. Furthermore, this information
# //  is prohibited from disclosure under the Trade Secrets Act,
# //  18 U.S.C. Section 1905.
# //
# Loading sv_std.std
# Loading work.apb_master_interface(fast)
# Loading mtiUvm.uvm_pkg
# Loading work.apb_master_pkg(fast)
# Loading work.apb_master_top_sv_unit(fast)
# Loading work.top(fast)
# Loading work.apb_master_interface(fast)
# Loading work.apb_master_assertions(fast)
# Loading mtiUvm.questa_uvm_pkg(fast)
# Loading /tools/mentor/questasim_10.6c/questasim/uvm-1.1d/linux/uvm_dpi.so
# coverage save -onexit -assert -directive -cvg -codeAll coverage.ucdb
#  run -all
# ----------------------------------------------------------------
# UVM-1.1d
# (C) 2007-2013 Mentor Graphics Corporation
# (C) 2007-2013 Cadence Design Systems, Inc.
# (C) 2006-2013 Synopsys, Inc.
# (C) 2011-2013 Cypress Semiconductor Corp.
# ----------------------------------------------------------------
# 
#   ***********       IMPORTANT RELEASE NOTES         ************
# 
#   You are using a version of the UVM library that has been compiled
#   with `UVM_NO_DEPRECATED undefined.
#   See http://www.eda.org/svdb/view.php?id=3313 for more details.
# 
#   You are using a version of the UVM library that has been compiled
#   with `UVM_OBJECT_MUST_HAVE_CONSTRUCTOR undefined.
#   See http://www.eda.org/svdb/view.php?id=3770 for more details.
# 
#       (Specify +UVM_NO_RELNOTES to turn off this notice)
# 
# UVM_INFO verilog_src/questa_uvm_pkg-1.2/src/questa_uvm_pkg.sv(215) @ 0: reporter [Questa UVM] QUESTA_UVM-1.2.3
# UVM_INFO verilog_src/questa_uvm_pkg-1.2/src/questa_uvm_pkg.sv(217) @ 0: reporter [Questa UVM]  questa_uvm::init(+struct)
# UVM_INFO @ 0: reporter [RNTST] Running test apb_master_regression_test...
# UVM_INFO @ 0: reporter [UVMTOP] UVM testbench topology:
# ---------------------------------------------------------------------------
# Name                          Type                              Size  Value
# ---------------------------------------------------------------------------
# uvm_test_top                  apb_master_regression_test        -     @471 
#   apb_master_environment      apb_master_environment            -     @478 
#     apb_master_active_agt     apb_master_active_agent           -     @493 
#       apb_master_active_driv  apb_master_driver                 -     @542 
#         rsp_port              uvm_analysis_port                 -     @557 
#         seq_item_port         uvm_seq_item_pull_port            -     @549 
#       apb_master_active_mon   apb_master_active_monitor         -     @674 
#         active_mon_port       uvm_analysis_port                 -     @681 
#       apb_master_active_seqr  apb_master_sequencer              -     @565 
#         rsp_export            uvm_analysis_export               -     @572 
#         seq_item_export       uvm_seq_item_pull_imp             -     @666 
#         arbitration_queue     array                             0     -    
#         lock_queue            array                             0     -    
#         num_last_reqs         integral                          32    'd1  
#         num_last_rsps         integral                          32    'd1  
#     apb_master_passive_agt    apb_master_passive_agent          -     @500 
#       apb_master_passive_mon  apb_master_passive_monitor        -     @701 
#         passive_mon_port      uvm_analysis_port                 -     @708 
#     apb_master_scoreboard     apb_master_scoreboard             -     @507 
#       active_scb_port         uvm_analysis_imp_active_mon_scb   -     @721 
#       passive_scb_port        uvm_analysis_imp_passive_mon_scb  -     @729 
#     apb_master_subscriber     apb_master_subscriber             -     @514 
#       cov_active_mon_port     uvm_analysis_imp_active_mon_cg    -     @521 
#       cov_passive_mon_port    uvm_analysis_imp_passive_mon_cg   -     @529 
# ---------------------------------------------------------------------------
# 
# UVM_INFO verilog_src/uvm-1.1d/src/base/uvm_objection.svh(1268) @ 0: reporter [TEST_DONE] 'run' phase is ready to proceed to the 'extract' phase
# 
# UVM_INFO apb_master_scoreboard.sv(61) @ 0: uvm_test_top.apb_master_environment.apb_master_scoreboard [SCB] TOTAL PASS : 0
# UVM_INFO apb_master_scoreboard.sv(62) @ 0: uvm_test_top.apb_master_environment.apb_master_scoreboard [SCB] TOTAL FAIL : 0
# UVM_INFO apb_master_scoreboard.sv(63) @ 0: uvm_test_top.apb_master_environment.apb_master_scoreboard [SCB] TOTAL CASES : 0
# 
# UVM_INFO apb_master_subscriber.sv(86) @ 0: uvm_test_top.apb_master_environment.apb_master_subscriber [apb_master_subscriber] [ACTIVE_MONITOR] Coverage ------> 0.00%,
# UVM_INFO apb_master_subscriber.sv(87) @ 0: uvm_test_top.apb_master_environment.apb_master_subscriber [apb_master_subscriber] [PASSIVE_MONITOR] Coverage ------> 0.00%
# 
# --- UVM Report Summary ---
# 
# ** Report counts by severity
# UVM_INFO :   10
# UVM_WARNING :    0
# UVM_ERROR :    0
# UVM_FATAL :    0
# ** Report counts by id
# [Questa UVM]     2
# [RNTST]     1
# [SCB]     3
# [TEST_DONE]     1
# [UVMTOP]     1
# [apb_master_subscriber]     2
# ** Note: $finish    : /tools/mentor/questasim_10.6c/questasim/linux/../verilog_src/uvm-1.1d/src/base/uvm_root.svh(430)
#    Time: 0 ns  Iteration: 230  Instance: /top
# Saving coverage database on exit...
# End time: 22:30:02 on Nov 26,2025, Elapsed time: 0:00:04
# Errors: 0, Warnings: 0
